{"level":"info","message":"Server running on port 4000","service":"b2b-platform-backend","timestamp":"2026-05-28 13:28:44"}
{"level":"info","message":"Cache Layer: Synchronized","service":"b2b-platform-backend","timestamp":"2026-05-28 13:28:44"}
{"level":"info","message":"Database: Connection Active","service":"b2b-platform-backend","timestamp":"2026-05-28 13:28:46"}
{"level":"info","message":"Server running on port 4000","service":"b2b-platform-backend","timestamp":"2026-05-28 13:35:01"}
{"level":"info","message":"Cache Layer: Synchronized","service":"b2b-platform-backend","timestamp":"2026-05-28 13:35:01"}
{"level":"info","message":"Database: Connection Active","service":"b2b-platform-backend","timestamp":"2026-05-28 13:35:04"}
{"level":"info","message":"Server running on port 4000","service":"b2b-platform-backend","timestamp":"2026-06-16 11:31:06"}
{"level":"info","message":"Cache Layer: Synchronized","service":"b2b-platform-backend","timestamp":"2026-06-16 11:31:06"}
{"level":"info","message":"Database: Connection Active","service":"b2b-platform-backend","timestamp":"2026-06-16 11:31:08"}
{"clientVersion":"5.22.0","code":"P1017","level":"error","message":"getCategories error: \nInvalid `prisma.category.findMany()` invocation in\n/home/bhadresh/Desktop/jaxmart_monorepo/backend/src/controllers/categoryController.js:7:46\n\n  4 const getCategories = async (req, res) => {\n  5   try {\n  6     const { parentId } = req.query;\n→ 7     const categories = await prisma.category.findMany(\nServer has closed the connection.","meta":{"modelName":"Category"},"name":"PrismaClientKnownRequestError","service":"b2b-platform-backend","stack":"PrismaClientKnownRequestError: \nInvalid `prisma.category.findMany()` invocation in\n/home/bhadresh/Desktop/jaxmart_monorepo/backend/src/controllers/categoryController.js:7:46\n\n  4 const getCategories = async (req, res) => {\n  5   try {\n  6     const { parentId } = req.query;\n→ 7     const categories = await prisma.category.findMany(\nServer has closed the connection.\n    at $n.handleRequestError (/home/bhadresh/Desktop/jaxmart_monorepo/backend/node_modules/@prisma/client/runtime/library.js:121:7315)\n    at $n.handleAndLogRequestError (/home/bhadresh/Desktop/jaxmart_monorepo/backend/node_modules/@prisma/client/runtime/library.js:121:6623)\n    at $n.request (/home/bhadresh/Desktop/jaxmart_monorepo/backend/node_modules/@prisma/client/runtime/library.js:121:6307)\n    at async Array.$allOperations (/home/bhadresh/Desktop/jaxmart_monorepo/backend/src/config/database.js:18:18)\n    at async l (/home/bhadresh/Desktop/jaxmart_monorepo/backend/node_modules/@prisma/client/runtime/library.js:130:9633)\n    at async getCategories (/home/bhadresh/Desktop/jaxmart_monorepo/backend/src/controllers/categoryController.js:7:24)","timestamp":"2026-06-16 12:31:16"}
{"level":"info","message":"DEV OTP for 919998882221: 824316 (Bypass: 123456)","service":"b2b-platform-backend","timestamp":"2026-06-16 12:33:31"}
{"level":"debug","message":"Verify OTP attempt: 919998882221, provided: 123456, bypass: true","service":"b2b-platform-backend","timestamp":"2026-06-16 12:33:33"}
{"level":"info","message":"Socket connected: ddc65165-6807-47cd-872e-e9348e65e8ef","service":"b2b-platform-backend","timestamp":"2026-06-16 12:33:35"}
{"level":"info","message":"Server running on port 4000","service":"b2b-platform-backend","timestamp":"2026-06-16 13:23:07"}
{"level":"info","message":"Cache Layer: Synchronized","service":"b2b-platform-backend","timestamp":"2026-06-16 13:23:07"}
{"level":"info","message":"Database: Connection Active","service":"b2b-platform-backend","timestamp":"2026-06-16 13:23:08"}
{"level":"info","message":"Server running on port 4000","service":"b2b-platform-backend","timestamp":"2026-06-23 16:27:35"}
{"level":"warn","message":"Cache Layer: Offline Mode Initialized (Proceeding with Direct DB Sourcing)","service":"b2b-platform-backend","timestamp":"2026-06-23 16:27:35"}
{"level":"info","message":"Database: Connection Active","service":"b2b-platform-backend","timestamp":"2026-06-23 16:27:36"}
{"level":"info","message":"Server running on port 4000","service":"b2b-platform-backend","timestamp":"2026-06-23 16:37:49"}
{"level":"warn","message":"Cache Layer: Offline Mode Initialized (Proceeding with Direct DB Sourcing)","service":"b2b-platform-backend","timestamp":"2026-06-23 16:37:49"}
{"level":"info","message":"Database: Connection Active","service":"b2b-platform-backend","timestamp":"2026-06-23 16:37:49"}
{"level":"info","message":"Server running on port 4000","service":"b2b-platform-backend","timestamp":"2026-06-23 16:41:55"}
{"level":"warn","message":"Cache Layer: Offline Mode Initialized (Proceeding with Direct DB Sourcing)","service":"b2b-platform-backend","timestamp":"2026-06-23 16:41:55"}
{"level":"info","message":"Database: Connection Active","service":"b2b-platform-backend","timestamp":"2026-06-23 16:41:55"}
{"level":"info","message":"Server running on port 4000","service":"b2b-platform-backend","timestamp":"2026-06-23 16:42:30"}
{"level":"warn","message":"Cache Layer: Offline Mode Initialized (Proceeding with Direct DB Sourcing)","service":"b2b-platform-backend","timestamp":"2026-06-23 16:42:30"}
{"level":"info","message":"Database: Connection Active","service":"b2b-platform-backend","timestamp":"2026-06-23 16:42:30"}
{"level":"info","message":"Server running on port 4000","service":"b2b-platform-backend","timestamp":"2026-06-23 16:43:31"}
{"level":"warn","message":"Cache Layer: Offline Mode Initialized (Proceeding with Direct DB Sourcing)","service":"b2b-platform-backend","timestamp":"2026-06-23 16:43:31"}
{"level":"info","message":"Database: Connection Active","service":"b2b-platform-backend","timestamp":"2026-06-23 16:43:31"}
{"level":"info","message":"Server running on port 4000","service":"b2b-platform-backend","timestamp":"2026-06-23 16:46:49"}
{"level":"warn","message":"Cache Layer: Offline Mode Initialized (Proceeding with Direct DB Sourcing)","service":"b2b-platform-backend","timestamp":"2026-06-23 16:46:49"}
{"level":"info","message":"Database: Connection Active","service":"b2b-platform-backend","timestamp":"2026-06-23 16:46:50"}
{"level":"info","message":"Server running on port 4000","service":"b2b-platform-backend","timestamp":"2026-06-23 16:47:30"}
{"level":"warn","message":"Cache Layer: Offline Mode Initialized (Proceeding with Direct DB Sourcing)","service":"b2b-platform-backend","timestamp":"2026-06-23 16:47:30"}
{"level":"info","message":"Database: Connection Active","service":"b2b-platform-backend","timestamp":"2026-06-23 16:47:30"}
{"level":"info","message":"Server running on port 4000","service":"b2b-platform-backend","timestamp":"2026-06-23 16:47:38"}
{"level":"warn","message":"Cache Layer: Offline Mode Initialized (Proceeding with Direct DB Sourcing)","service":"b2b-platform-backend","timestamp":"2026-06-23 16:47:38"}
{"level":"info","message":"Database: Connection Active","service":"b2b-platform-backend","timestamp":"2026-06-23 16:47:38"}
{"level":"info","message":"Server running on port 4000","service":"b2b-platform-backend","timestamp":"2026-06-23 16:48:34"}
{"level":"warn","message":"Cache Layer: Offline Mode Initialized (Proceeding with Direct DB Sourcing)","service":"b2b-platform-backend","timestamp":"2026-06-23 16:48:34"}
{"level":"info","message":"Database: Connection Active","service":"b2b-platform-backend","timestamp":"2026-06-23 16:48:34"}
{"level":"info","message":"Server running on port 4000","service":"b2b-platform-backend","timestamp":"2026-06-23 17:01:10"}
{"level":"warn","message":"Cache Layer: Offline Mode Initialized (Proceeding with Direct DB Sourcing)","service":"b2b-platform-backend","timestamp":"2026-06-23 17:01:10"}
{"level":"info","message":"Database: Connection Active","service":"b2b-platform-backend","timestamp":"2026-06-23 17:01:10"}
{"level":"info","message":"Server running on port 4000","service":"b2b-platform-backend","timestamp":"2026-06-23 17:01:30"}
{"level":"warn","message":"Cache Layer: Offline Mode Initialized (Proceeding with Direct DB Sourcing)","service":"b2b-platform-backend","timestamp":"2026-06-23 17:01:30"}
{"level":"info","message":"Database: Connection Active","service":"b2b-platform-backend","timestamp":"2026-06-23 17:01:30"}
{"level":"info","message":"Server running on port 4000","service":"b2b-platform-backend","timestamp":"2026-06-23 17:01:59"}
{"level":"warn","message":"Cache Layer: Offline Mode Initialized (Proceeding with Direct DB Sourcing)","service":"b2b-platform-backend","timestamp":"2026-06-23 17:01:59"}
{"level":"info","message":"Database: Connection Active","service":"b2b-platform-backend","timestamp":"2026-06-23 17:01:59"}
{"level":"info","message":"Server running on port 4000","service":"b2b-platform-backend","timestamp":"2026-06-23 17:08:25"}
{"level":"warn","message":"Cache Layer: Offline Mode Initialized (Proceeding with Direct DB Sourcing)","service":"b2b-platform-backend","timestamp":"2026-06-23 17:08:25"}
{"level":"info","message":"Database: Connection Active","service":"b2b-platform-backend","timestamp":"2026-06-23 17:08:25"}
{"level":"info","message":"Server running on port 4000","service":"b2b-platform-backend","timestamp":"2026-06-23 17:08:34"}
{"level":"warn","message":"Cache Layer: Offline Mode Initialized (Proceeding with Direct DB Sourcing)","service":"b2b-platform-backend","timestamp":"2026-06-23 17:08:34"}
{"level":"info","message":"Database: Connection Active","service":"b2b-platform-backend","timestamp":"2026-06-23 17:08:34"}
{"level":"info","message":"Server running on port 4000","service":"b2b-platform-backend","timestamp":"2026-06-23 17:08:51"}
{"level":"warn","message":"Cache Layer: Offline Mode Initialized (Proceeding with Direct DB Sourcing)","service":"b2b-platform-backend","timestamp":"2026-06-23 17:08:51"}
{"level":"info","message":"Database: Connection Active","service":"b2b-platform-backend","timestamp":"2026-06-23 17:08:51"}
{"level":"info","message":"Server running on port 4000","service":"b2b-platform-backend","timestamp":"2026-06-23 17:12:41"}
{"level":"warn","message":"Cache Layer: Offline Mode Initialized (Proceeding with Direct DB Sourcing)","service":"b2b-platform-backend","timestamp":"2026-06-23 17:12:41"}
{"level":"info","message":"Database: Connection Active","service":"b2b-platform-backend","timestamp":"2026-06-23 17:12:41"}
{"level":"info","message":"Server running on port 4000","service":"b2b-platform-backend","timestamp":"2026-06-23 17:18:32"}
{"level":"warn","message":"Cache Layer: Offline Mode Initialized (Proceeding with Direct DB Sourcing)","service":"b2b-platform-backend","timestamp":"2026-06-23 17:18:32"}
{"level":"info","message":"Database: Connection Active","service":"b2b-platform-backend","timestamp":"2026-06-23 17:18:32"}
